// Jest Snapshot v1, https://goo.gl/fbAQLP

exports[`renders correctly 1`] = `
<div
  className="App"
>
  <div
    style={
      Object {
        "marginBottom": "20px",
      }
    }
  >
    <h1>
      Spotify Seach 
      <span
        aria-label="magnifying glass emoji"
        role="img"
      >
        ðŸ”Ž
      </span>
    </h1>
  </div>
  <div />
</div>
`;
